[05:39:24] [ServerMain/INFO]: Environment: Environment[sessionHost=https://sessionserver.mojang.com, servicesHost=https://api.minecraftservices.com, profilesHost=https://api.mojang.com, name=PROD]
[05:39:26] [ServerMain/INFO]: Loaded 1461 recipes
[05:39:26] [ServerMain/INFO]: Loaded 1574 advancements
[05:39:26] [Server thread/INFO]: Starting minecraft server version 1.21.10
[05:39:26] [Server thread/INFO]: Loading properties
[05:39:26] [Server thread/INFO]: Default game type: SURVIVAL
[05:39:26] [Server thread/INFO]: Generating keypair
[05:39:27] [Server thread/INFO]: Starting Minecraft server on *:25565
[05:39:27] [Server thread/INFO]: Using epoll channel type
[05:39:27] [Server thread/WARN]: **** SERVER IS RUNNING IN OFFLINE/INSECURE MODE!
[05:39:27] [Server thread/WARN]: The server will make no attempt to authenticate usernames. Beware.
[05:39:27] [Server thread/WARN]: While this makes the game possible to play without internet access, it also opens up the ability for hackers to connect with any username they choose.
[05:39:27] [Server thread/WARN]: To change this, set "online-mode" to "true" in the server.properties file.
[05:39:27] [Server thread/INFO]: Preparing level "world"
[05:39:27] [Server thread/INFO]: Loading 0 persistent chunks...
[05:39:27] [Server thread/INFO]: Preparing spawn area: 100%
[05:39:27] [Server thread/INFO]: Time elapsed: 11 ms
[05:39:27] [Server thread/INFO]: Done (0.184s)! For help, type "help"
[05:40:27] [Server thread/INFO]: Server empty for 60 seconds, pausing
[05:40:55] [Server thread/INFO]: CREISIPAPU[/127.232.163.11:53069] logged in with entity id 9 at (-46.32455144352773, -42.5, 53.216518857778496)
[05:40:55] [Server thread/INFO]: CREISIPAPU joined the game
[05:40:58] [Server thread/INFO]: CREISIPAPU lost connection: Disconnected
[05:40:58] [Server thread/INFO]: CREISIPAPU left the game
[05:41:58] [Server thread/INFO]: Server empty for 60 seconds, pausing
[05:45:01] [Server thread/INFO]: Stopping the server
[05:45:01] [Server thread/INFO]: Stopping server
[05:45:01] [Server thread/INFO]: Saving players
[05:45:01] [Server thread/INFO]: Saving worlds
[05:45:01] [Server thread/INFO]: Saving chunks for level 'ServerLevel[New World]'/minecraft:overworld
[05:45:01] [Server thread/INFO]: Saving chunks for level 'ServerLevel[New World]'/minecraft:the_end
[05:45:01] [Server thread/INFO]: Saving chunks for level 'ServerLevel[New World]'/minecraft:the_nether
[05:45:02] [Server thread/INFO]: ThreadedAnvilChunkStorage (world): All chunks are saved
[05:45:02] [Server thread/INFO]: ThreadedAnvilChunkStorage (DIM1): All chunks are saved
[05:45:02] [Server thread/INFO]: ThreadedAnvilChunkStorage (DIM-1): All chunks are saved
[05:45:02] [Server thread/INFO]: ThreadedAnvilChunkStorage: All dimensions are saved
